---
source: src/parser/mod.rs
expression: result
snapshot_kind: text
---
Ok(
    Decl {
        token: Token {
            kind: Let,
            token: "let",
            offset: 0,
        },
        kind: VarDecl {
            ident: Token {
                kind: Ident,
                token: "a",
                offset: 4,
            },
            spec: Some(
                TypeSpec {
                    token: Token {
                        kind: Int,
                        token: "int",
                        offset: 7,
                    },
                    kind: Type,
                },
            ),
            init: Scalar(
                Number(
                    202,
                ),
            ),
        },
    },
)
